[2019-05-24T10:49:07.431+0300][0.007s][debug][gc] ConcGCThreads: 1 offset 8
[2019-05-24T10:49:07.431+0300][0.007s][debug][gc] ParallelGCThreads: 4
[2019-05-24T10:49:07.431+0300][0.007s][debug][gc] Initialize mark stack with 4096 chunks, maximum 16384
[2019-05-24T10:49:07.438+0300][0.014s][info ][gc] Using G1
[2019-05-24T10:49:07.657+0300][0.232s][info ][gc] GC(0) Pause Young (Normal) (G1 Evacuation Pause) 25M->4M(512M) 2.858ms
[2019-05-24T10:49:07.728+0300][0.304s][info ][gc] GC(1) Pause Young (Normal) (G1 Evacuation Pause) 25M->9M(512M) 10.311ms
[2019-05-24T10:49:09.048+0300][1.624s][info ][gc] GC(2) Pause Young (Normal) (G1 Evacuation Pause) 164M->41M(512M) 12.606ms
[2019-05-24T10:49:09.673+0300][2.249s][info ][gc] GC(3) Pause Young (Normal) (G1 Evacuation Pause) 81M->50M(512M) 8.662ms
[2019-05-24T10:49:10.440+0300][3.016s][info ][gc] GC(4) Pause Young (Normal) (G1 Evacuation Pause) 92M->65M(512M) 7.098ms
[2019-05-24T10:49:11.551+0300][4.127s][info ][gc] GC(5) Pause Young (Normal) (G1 Evacuation Pause) 117M->85M(512M) 8.001ms
[2019-05-24T10:49:13.258+0300][5.834s][info ][gc] GC(6) Pause Young (Normal) (G1 Evacuation Pause) 151M->110M(512M) 11.002ms
[2019-05-24T10:49:15.558+0300][8.133s][info ][gc] GC(7) Pause Young (Normal) (G1 Evacuation Pause) 188M->138M(512M) 16.079ms
[2019-05-24T10:49:19.078+0300][11.653s][info ][gc] GC(8) Pause Young (Normal) (G1 Evacuation Pause) 235M->172M(512M) 26.838ms
[2019-05-24T10:49:24.075+0300][16.650s][info ][gc] GC(9) Pause Young (Normal) (G1 Evacuation Pause) 288M->216M(512M) 22.706ms
[2019-05-24T10:49:29.697+0300][22.273s][info ][gc] GC(10) Pause Young (Normal) (G1 Evacuation Pause) 325M->255M(512M) 20.461ms
[2019-05-24T10:49:35.453+0300][28.028s][info ][gc] GC(11) Pause Young (Concurrent Start) (G1 Evacuation Pause) 353M->291M(512M) 17.918ms
[2019-05-24T10:49:35.453+0300][28.028s][info ][gc] GC(12) Concurrent Cycle
[2019-05-24T10:49:35.540+0300][28.115s][debug][gc] GC(12) Reclaimed 109 empty regions
[2019-05-24T10:49:35.540+0300][28.115s][info ][gc] GC(12) Pause Remark 292M->183M(512M) 1.301ms
[2019-05-24T10:49:35.580+0300][28.155s][info ][gc] GC(12) Pause Cleanup 183M->183M(512M) 0.112ms
[2019-05-24T10:49:35.580+0300][28.155s][info ][gc] GC(12) Concurrent Cycle 126.802ms
[2019-05-24T10:49:41.113+0300][33.688s][info ][gc] GC(13) Pause Young (Normal) (G1 Evacuation Pause) 267M->213M(512M) 12.722ms
[2019-05-24T10:49:49.215+0300][41.791s][info ][gc] GC(14) Pause Young (Normal) (G1 Evacuation Pause) 329M->258M(512M) 14.772ms
[2019-05-24T10:49:57.192+0300][49.767s][info ][gc] GC(15) Pause Young (Concurrent Start) (G1 Evacuation Pause) 358M->294M(512M) 13.858ms
[2019-05-24T10:49:57.192+0300][49.767s][info ][gc] GC(16) Concurrent Cycle
[2019-05-24T10:49:57.318+0300][49.893s][debug][gc] GC(16) Reclaimed 49 empty regions
[2019-05-24T10:49:57.318+0300][49.893s][info ][gc] GC(16) Pause Remark 294M->245M(512M) 1.162ms
[2019-05-24T10:49:57.369+0300][49.944s][info ][gc] GC(16) Pause Cleanup 246M->246M(512M) 0.089ms
[2019-05-24T10:49:57.370+0300][49.945s][info ][gc] GC(16) Concurrent Cycle 177.927ms
[2019-05-24T10:50:04.868+0300][57.444s][info ][gc] GC(17) Pause Young (Prepare Mixed) (G1 Evacuation Pause) 332M->276M(512M) 12.161ms
[2019-05-24T10:50:05.921+0300][58.496s][info ][gc] GC(18) Pause Young (Mixed) (G1 Evacuation Pause) 288M->277M(512M) 5.430ms
[2019-05-24T10:50:14.756+0300][67.331s][info ][gc] GC(19) Pause Young (Concurrent Start) (G1 Evacuation Pause) 371M->310M(512M) 13.147ms
[2019-05-24T10:50:14.756+0300][67.331s][info ][gc] GC(20) Concurrent Cycle
[2019-05-24T10:50:14.889+0300][67.464s][debug][gc] GC(20) Reclaimed 33 empty regions
[2019-05-24T10:50:14.889+0300][67.464s][info ][gc] GC(20) Pause Remark 311M->278M(512M) 1.262ms
[2019-05-24T10:50:14.948+0300][67.523s][info ][gc] GC(20) Pause Cleanup 278M->278M(512M) 0.123ms
[2019-05-24T10:50:14.948+0300][67.523s][info ][gc] GC(20) Concurrent Cycle 192.581ms
[2019-05-24T10:50:23.004+0300][75.579s][info ][gc] GC(21) Pause Young (Prepare Mixed) (G1 Evacuation Pause) 358M->307M(512M) 11.493ms
[2019-05-24T10:50:24.349+0300][76.923s][info ][gc] GC(22) Pause Young (Mixed) (G1 Evacuation Pause) 320M->310M(512M) 6.263ms
[2019-05-24T10:50:28.886+0300][81.460s][info ][gc] GC(23) Pause Young (Concurrent Start) (G1 Humongous Allocation) 353M->325M(512M) 7.472ms
[2019-05-24T10:50:28.886+0300][81.461s][info ][gc] GC(24) Concurrent Cycle
[2019-05-24T10:50:29.035+0300][81.610s][debug][gc] GC(24) Reclaimed 15 empty regions
[2019-05-24T10:50:29.035+0300][81.610s][info ][gc] GC(24) Pause Remark 331M->316M(512M) 1.509ms
[2019-05-24T10:50:29.116+0300][81.691s][info ][gc] GC(24) Pause Cleanup 317M->317M(512M) 0.135ms
[2019-05-24T10:50:29.117+0300][81.692s][info ][gc] GC(24) Concurrent Cycle 231.052ms
[2019-05-24T10:50:36.150+0300][88.725s][info ][gc] GC(25) Pause Young (Prepare Mixed) (G1 Evacuation Pause) 380M->339M(512M) 11.372ms
[2019-05-24T10:50:37.861+0300][90.436s][info ][gc] GC(26) Pause Young (Mixed) (G1 Evacuation Pause) 354M->333M(512M) 6.054ms
[2019-05-24T10:50:45.082+0300][97.656s][info ][gc] GC(27) Pause Young (Concurrent Start) (G1 Evacuation Pause) 396M->357M(512M) 9.591ms
[2019-05-24T10:50:45.082+0300][97.656s][info ][gc] GC(28) Concurrent Cycle
[2019-05-24T10:50:45.263+0300][97.837s][debug][gc] GC(28) Reclaimed 25 empty regions
[2019-05-24T10:50:45.263+0300][97.837s][info ][gc] GC(28) Pause Remark 357M->332M(512M) 1.413ms
[2019-05-24T10:50:45.336+0300][97.911s][info ][gc] GC(28) Pause Cleanup 333M->333M(512M) 0.126ms
[2019-05-24T10:50:45.337+0300][97.911s][info ][gc] GC(28) Concurrent Cycle 255.235ms
[2019-05-24T10:50:51.764+0300][104.338s][info ][gc] GC(29) Pause Young (Prepare Mixed) (G1 Evacuation Pause) 386M->351M(512M) 9.531ms
[2019-05-24T10:50:53.858+0300][106.433s][info ][gc] GC(30) Pause Young (Mixed) (G1 Evacuation Pause) 368M->351M(512M) 4.533ms
[2019-05-24T10:51:00.923+0300][113.497s][info ][gc] GC(31) Pause Young (Concurrent Start) (G1 Evacuation Pause) 407M->372M(512M) 8.140ms
[2019-05-24T10:51:00.923+0300][113.497s][info ][gc] GC(32) Concurrent Cycle
[2019-05-24T10:51:01.117+0300][113.691s][debug][gc] GC(32) Reclaimed 23 empty regions
[2019-05-24T10:51:01.117+0300][113.691s][info ][gc] GC(32) Pause Remark 372M->349M(512M) 1.396ms
[2019-05-24T10:51:01.197+0300][113.771s][info ][gc] GC(32) Pause Cleanup 350M->350M(512M) 0.112ms
[2019-05-24T10:51:01.197+0300][113.771s][info ][gc] GC(32) Concurrent Cycle 274.565ms
[2019-05-24T10:51:07.373+0300][119.947s][info ][gc] GC(33) Pause Young (Prepare Mixed) (G1 Evacuation Pause) 397M->367M(512M) 7.941ms
[2019-05-24T10:51:09.761+0300][122.335s][info ][gc] GC(34) Pause Young (Mixed) (G1 Evacuation Pause) 385M->372M(512M) 4.872ms
[2019-05-24T10:51:16.189+0300][128.764s][info ][gc] GC(35) Pause Young (Concurrent Start) (G1 Evacuation Pause) 419M->390M(512M) 6.832ms
[2019-05-24T10:51:16.189+0300][128.764s][info ][gc] GC(36) Concurrent Cycle
[2019-05-24T10:51:16.374+0300][128.949s][debug][gc] GC(36) Reclaimed 16 empty regions
[2019-05-24T10:51:16.374+0300][128.949s][info ][gc] GC(36) Pause Remark 391M->375M(512M) 1.355ms
[2019-05-24T10:51:16.461+0300][129.036s][info ][gc] GC(36) Pause Cleanup 376M->376M(512M) 0.171ms
[2019-05-24T10:51:16.462+0300][129.037s][info ][gc] GC(36) Concurrent Cycle 272.791ms
[2019-05-24T10:51:21.701+0300][134.275s][info ][gc] GC(37) Pause Young (Prepare Mixed) (G1 Evacuation Pause) 412M->389M(512M) 7.084ms
[2019-05-24T10:51:24.336+0300][136.910s][info ][gc] GC(38) Pause Young (Mixed) (G1 Evacuation Pause) 408M->388M(512M) 5.038ms
[2019-05-24T10:51:29.857+0300][142.431s][info ][gc] GC(39) Pause Young (Concurrent Start) (G1 Evacuation Pause) 426M->402M(512M) 6.306ms
[2019-05-24T10:51:29.857+0300][142.431s][info ][gc] GC(40) Concurrent Cycle
[2019-05-24T10:51:30.055+0300][142.629s][debug][gc] GC(40) Reclaimed 10 empty regions
[2019-05-24T10:51:30.055+0300][142.629s][info ][gc] GC(40) Pause Remark 403M->393M(512M) 2.246ms
[2019-05-24T10:51:30.153+0300][142.727s][info ][gc] GC(40) Pause Cleanup 393M->393M(512M) 0.114ms
[2019-05-24T10:51:30.154+0300][142.728s][info ][gc] GC(40) Concurrent Cycle 296.793ms
[2019-05-24T10:51:34.610+0300][147.184s][info ][gc] GC(41) Pause Young (Prepare Mixed) (G1 Evacuation Pause) 423M->404M(512M) 6.026ms
[2019-05-24T10:51:37.673+0300][150.247s][info ][gc] GC(42) Pause Young (Mixed) (G1 Evacuation Pause) 424M->402M(512M) 6.306ms
[2019-05-24T10:51:42.225+0300][154.799s][info ][gc] GC(43) Pause Young (Concurrent Start) (G1 Evacuation Pause) 432M->414M(512M) 6.218ms
[2019-05-24T10:51:42.225+0300][154.799s][info ][gc] GC(44) Concurrent Cycle
[2019-05-24T10:51:42.420+0300][154.994s][debug][gc] GC(44) Reclaimed 11 empty regions
[2019-05-24T10:51:42.420+0300][154.994s][info ][gc] GC(44) Pause Remark 414M->403M(512M) 1.335ms
[2019-05-24T10:51:42.518+0300][155.092s][info ][gc] GC(44) Pause Cleanup 404M->404M(512M) 0.155ms
[2019-05-24T10:51:42.519+0300][155.093s][info ][gc] GC(44) Concurrent Cycle 293.763ms
[2019-05-24T10:51:46.336+0300][158.910s][info ][gc] GC(45) Pause Young (Prepare Mixed) (G1 Evacuation Pause) 428M->412M(512M) 5.302ms
[2019-05-24T10:51:49.611+0300][162.185s][info ][gc] GC(46) Pause Young (Mixed) (G1 Evacuation Pause) 433M->414M(512M) 4.780ms
[2019-05-24T10:51:53.488+0300][166.061s][info ][gc] GC(47) Pause Young (Concurrent Start) (G1 Evacuation Pause) 438M->424M(512M) 4.942ms
[2019-05-24T10:51:53.488+0300][166.062s][info ][gc] GC(48) Concurrent Cycle
[2019-05-24T10:51:53.699+0300][166.272s][debug][gc] GC(48) Reclaimed 12 empty regions
[2019-05-24T10:51:53.699+0300][166.272s][info ][gc] GC(48) Pause Remark 424M->412M(512M) 1.223ms
[2019-05-24T10:51:53.800+0300][166.373s][info ][gc] GC(48) Pause Cleanup 413M->413M(512M) 0.163ms
[2019-05-24T10:51:53.800+0300][166.374s][info ][gc] GC(48) Concurrent Cycle 312.426ms
[2019-05-24T10:51:57.072+0300][169.645s][info ][gc] GC(49) Pause Young (Prepare Mixed) (G1 Evacuation Pause) 433M->420M(512M) 6.070ms
[2019-05-24T10:52:00.474+0300][173.048s][info ][gc] GC(50) Pause Young (Mixed) (G1 Evacuation Pause) 441M->425M(512M) 4.680ms
[2019-05-24T10:52:04.014+0300][176.588s][info ][gc] GC(51) Pause Young (Concurrent Start) (G1 Evacuation Pause) 446M->433M(512M) 4.714ms
[2019-05-24T10:52:04.015+0300][176.589s][info ][gc] GC(52) Concurrent Cycle
[2019-05-24T10:52:04.245+0300][176.819s][debug][gc] GC(52) Reclaimed 7 empty regions
[2019-05-24T10:52:04.245+0300][176.819s][info ][gc] GC(52) Pause Remark 433M->426M(512M) 1.271ms
[2019-05-24T10:52:04.350+0300][176.924s][info ][gc] GC(52) Pause Cleanup 427M->427M(512M) 0.163ms
[2019-05-24T10:52:04.351+0300][176.925s][info ][gc] GC(52) Concurrent Cycle 336.152ms
[2019-05-24T10:52:07.721+0300][180.295s][info ][gc] GC(53) Pause Young (Prepare Mixed) (G1 Evacuation Pause) 447M->434M(512M) 4.796ms
[2019-05-24T10:52:11.270+0300][183.843s][info ][gc] GC(54) Pause Young (Mixed) (G1 Evacuation Pause) 455M->436M(512M) 5.383ms
[2019-05-24T10:52:14.852+0300][187.426s][info ][gc] GC(55) Pause Young (Concurrent Start) (G1 Evacuation Pause) 457M->443M(512M) 4.808ms
[2019-05-24T10:52:14.852+0300][187.426s][info ][gc] GC(56) Concurrent Cycle
[2019-05-24T10:52:15.085+0300][187.658s][debug][gc] GC(56) Reclaimed 4 empty regions
[2019-05-24T10:52:15.085+0300][187.658s][info ][gc] GC(56) Pause Remark 444M->440M(512M) 1.225ms
[2019-05-24T10:52:15.197+0300][187.770s][info ][gc] GC(56) Pause Cleanup 440M->440M(512M) 0.176ms
[2019-05-24T10:52:15.198+0300][187.771s][info ][gc] GC(56) Concurrent Cycle 345.178ms
[2019-05-24T10:52:18.632+0300][191.205s][info ][gc] GC(57) Pause Young (Prepare Mixed) (G1 Evacuation Pause) 467M->455M(512M) 5.228ms
[2019-05-24T10:52:22.314+0300][194.888s][info ][gc] GC(58) Pause Young (Mixed) (G1 Evacuation Pause) 476M->454M(512M) 5.654ms
[2019-05-24T10:52:25.923+0300][198.497s][info ][gc] GC(59) Pause Young (Concurrent Start) (G1 Evacuation Pause) 475M->462M(512M) 4.952ms
[2019-05-24T10:52:25.923+0300][198.497s][info ][gc] GC(60) Concurrent Cycle
[2019-05-24T10:52:26.156+0300][198.730s][debug][gc] GC(60) Reclaimed 16 empty regions
[2019-05-24T10:52:26.156+0300][198.730s][info ][gc] GC(60) Pause Remark 462M->446M(512M) 1.256ms
[2019-05-24T10:52:26.265+0300][198.839s][info ][gc] GC(60) Pause Cleanup 446M->446M(512M) 0.190ms
[2019-05-24T10:52:26.266+0300][198.840s][info ][gc] GC(60) Concurrent Cycle 342.696ms
[2019-05-24T10:52:29.802+0300][202.375s][info ][gc] GC(61) Pause Young (Prepare Mixed) (G1 Evacuation Pause) 467M->454M(512M) 4.935ms
[2019-05-24T10:52:33.503+0300][206.077s][info ][gc] GC(62) Pause Young (Mixed) (G1 Evacuation Pause) 475M->460M(512M) 4.848ms
[2019-05-24T10:52:37.263+0300][209.836s][info ][gc] GC(63) Pause Young (Concurrent Start) (G1 Evacuation Pause) 481M->468M(512M) 5.053ms
[2019-05-24T10:52:37.263+0300][209.837s][info ][gc] GC(64) Concurrent Cycle
[2019-05-24T10:52:37.502+0300][210.075s][debug][gc] GC(64) Reclaimed 14 empty regions
[2019-05-24T10:52:37.502+0300][210.075s][info ][gc] GC(64) Pause Remark 468M->454M(512M) 1.254ms
[2019-05-24T10:52:37.617+0300][210.191s][info ][gc] GC(64) Pause Cleanup 455M->455M(512M) 0.215ms
[2019-05-24T10:52:37.618+0300][210.192s][info ][gc] GC(64) Concurrent Cycle 355.214ms
[2019-05-24T10:52:41.411+0300][213.985s][info ][gc] GC(65) Pause Young (Normal) (G1 Evacuation Pause) 475M->462M(512M) 4.574ms
[2019-05-24T10:52:45.248+0300][217.821s][info ][gc] GC(66) Pause Young (Concurrent Start) (G1 Evacuation Pause) 483M->470M(512M) 15.878ms
[2019-05-24T10:52:45.248+0300][217.821s][info ][gc] GC(67) Concurrent Cycle
[2019-05-24T10:52:45.496+0300][218.069s][debug][gc] GC(67) Reclaimed 1 empty regions
[2019-05-24T10:52:45.496+0300][218.069s][info ][gc] GC(67) Pause Remark 470M->469M(512M) 1.389ms
[2019-05-24T10:52:45.609+0300][218.182s][info ][gc] GC(67) Pause Cleanup 470M->470M(512M) 0.194ms
[2019-05-24T10:52:45.609+0300][218.182s][info ][gc] GC(67) Concurrent Cycle 361.635ms
[2019-05-24T10:52:49.384+0300][221.958s][info ][gc] GC(68) Pause Young (Prepare Mixed) (G1 Evacuation Pause) 490M->477M(512M) 4.957ms
[2019-05-24T10:52:53.318+0300][225.891s][info ][gc] GC(69) Pause Young (Mixed) (G1 Evacuation Pause) 498M->478M(512M) 5.259ms
[2019-05-24T10:52:57.293+0300][229.867s][info ][gc] GC(70) Pause Young (Concurrent Start) (G1 Evacuation Pause) 499M->486M(512M) 4.506ms
[2019-05-24T10:52:57.294+0300][229.867s][info ][gc] GC(71) Concurrent Cycle
[2019-05-24T10:52:57.545+0300][230.118s][debug][gc] GC(71) Reclaimed 6 empty regions
[2019-05-24T10:52:57.545+0300][230.118s][info ][gc] GC(71) Pause Remark 486M->480M(512M) 1.375ms
[2019-05-24T10:52:57.661+0300][230.235s][info ][gc] GC(71) Pause Cleanup 481M->481M(512M) 0.194ms
[2019-05-24T10:52:57.662+0300][230.236s][info ][gc] GC(71) Concurrent Cycle 368.672ms
[2019-05-24T10:53:01.680+0300][234.253s][info ][gc] GC(72) To-space exhausted
[2019-05-24T10:53:01.680+0300][234.253s][info ][gc] GC(72) Pause Young (Prepare Mixed) (G1 Evacuation Pause) 501M->492M(512M) 5.541ms
[2019-05-24T10:53:05.517+0300][238.090s][info ][gc] GC(73) To-space exhausted
[2019-05-24T10:53:05.517+0300][238.090s][info ][gc] GC(73) Pause Young (Mixed) (G1 Evacuation Pause) 512M->511M(512M) 7.209ms
[2019-05-24T10:53:05.738+0300][238.311s][info ][gc] GC(74) To-space exhausted
[2019-05-24T10:53:05.738+0300][238.311s][info ][gc] GC(74) Pause Young (Concurrent Start) (G1 Evacuation Pause) 512M->512M(512M) 2.260ms
[2019-05-24T10:53:05.738+0300][238.311s][info ][gc] GC(76) Concurrent Cycle
[2019-05-24T10:53:05.739+0300][238.312s][debug][gc] GC(75) Clear Next Bitmap 0.401ms
[2019-05-24T10:53:05.913+0300][238.486s][info ][gc] GC(75) Pause Full (G1 Evacuation Pause) 512M->453M(512M) 175.139ms
[2019-05-24T10:53:05.914+0300][238.487s][info ][gc] GC(76) Concurrent Cycle 175.368ms
[2019-05-24T10:53:10.739+0300][243.312s][info ][gc] GC(77) Pause Young (Normal) (G1 Evacuation Pause) 478M->462M(512M) 4.726ms
[2019-05-24T10:53:14.912+0300][247.485s][info ][gc] GC(78) Pause Young (Concurrent Start) (G1 Evacuation Pause) 483M->470M(512M) 5.074ms
[2019-05-24T10:53:14.912+0300][247.485s][info ][gc] GC(79) Concurrent Cycle
[2019-05-24T10:53:15.173+0300][247.746s][info ][gc] GC(79) Pause Remark 470M->470M(512M) 1.335ms
[2019-05-24T10:53:15.285+0300][247.859s][info ][gc] GC(79) Pause Cleanup 470M->470M(512M) 0.206ms
[2019-05-24T10:53:15.286+0300][247.859s][info ][gc] GC(79) Concurrent Cycle 374.069ms
[2019-05-24T10:53:19.379+0300][251.952s][info ][gc] GC(80) Pause Young (Normal) (G1 Evacuation Pause) 491M->478M(512M) 4.960ms
[2019-05-24T10:53:23.653+0300][256.225s][info ][gc] GC(81) To-space exhausted
[2019-05-24T10:53:23.653+0300][256.225s][info ][gc] GC(81) Pause Young (Concurrent Start) (G1 Evacuation Pause) 499M->487M(512M) 5.047ms
[2019-05-24T10:53:23.653+0300][256.226s][info ][gc] GC(82) Concurrent Cycle
[2019-05-24T10:53:23.915+0300][256.488s][debug][gc] GC(82) Reclaimed 1 empty regions
[2019-05-24T10:53:23.915+0300][256.488s][info ][gc] GC(82) Pause Remark 488M->487M(512M) 1.284ms
[2019-05-24T10:53:24.031+0300][256.604s][info ][gc] GC(82) Pause Cleanup 487M->487M(512M) 0.254ms
[2019-05-24T10:53:24.032+0300][256.604s][info ][gc] GC(82) Concurrent Cycle 378.813ms
[2019-05-24T10:53:28.250+0300][260.823s][info ][gc] GC(83) To-space exhausted
[2019-05-24T10:53:28.250+0300][260.823s][info ][gc] GC(83) Pause Young (Normal) (G1 Evacuation Pause) 507M->508M(512M) 6.677ms
[2019-05-24T10:53:28.718+0300][261.291s][info ][gc] GC(84) To-space exhausted
[2019-05-24T10:53:28.718+0300][261.291s][info ][gc] GC(84) Pause Young (Concurrent Start) (G1 Evacuation Pause) 510M->510M(512M) 2.662ms
[2019-05-24T10:53:28.718+0300][261.291s][info ][gc] GC(86) Concurrent Cycle
[2019-05-24T10:53:28.719+0300][261.292s][debug][gc] GC(85) Clear Next Bitmap 0.591ms
[2019-05-24T10:53:28.891+0300][261.464s][info ][gc] GC(85) Pause Full (G1 Evacuation Pause) 510M->472M(512M) 172.719ms
[2019-05-24T10:53:28.891+0300][261.464s][info ][gc] GC(86) Concurrent Cycle 172.863ms
[2019-05-24T10:53:33.979+0300][266.553s][info ][gc] GC(87) Pause Young (Normal) (G1 Evacuation Pause) 497M->481M(512M) 4.546ms
[2019-05-24T10:53:38.445+0300][271.018s][info ][gc] GC(88) To-space exhausted
[2019-05-24T10:53:38.445+0300][271.018s][info ][gc] GC(88) Pause Young (Concurrent Start) (G1 Evacuation Pause) 502M->493M(512M) 6.992ms
[2019-05-24T10:53:38.445+0300][271.018s][info ][gc] GC(89) Concurrent Cycle
[2019-05-24T10:53:38.717+0300][271.289s][debug][gc] GC(89) Reclaimed 1 empty regions
[2019-05-24T10:53:38.717+0300][271.289s][info ][gc] GC(89) Pause Remark 494M->493M(512M) 1.372ms
[2019-05-24T10:53:38.834+0300][271.407s][info ][gc] GC(89) Pause Cleanup 493M->493M(512M) 0.206ms
[2019-05-24T10:53:38.835+0300][271.408s][info ][gc] GC(89) Concurrent Cycle 389.625ms
[2019-05-24T10:53:42.590+0300][275.163s][info ][gc] GC(90) To-space exhausted
[2019-05-24T10:53:42.590+0300][275.163s][info ][gc] GC(90) Pause Young (Normal) (G1 Evacuation Pause) 510M->510M(512M) 6.166ms
[2019-05-24T10:53:42.765+0300][275.337s][info ][gc] GC(91) Pause Full (G1 Evacuation Pause) 510M->483M(512M) 174.111ms
[2019-05-24T10:53:48.024+0300][280.597s][info ][gc] GC(92) To-space exhausted
[2019-05-24T10:53:48.024+0300][280.597s][info ][gc] GC(92) Pause Young (Concurrent Start) (G1 Evacuation Pause) 508M->509M(512M) 6.745ms
[2019-05-24T10:53:48.024+0300][280.597s][info ][gc] GC(94) Concurrent Cycle
[2019-05-24T10:53:48.025+0300][280.598s][debug][gc] GC(93) Clear Next Bitmap 0.399ms
[2019-05-24T10:53:48.199+0300][280.772s][info ][gc] GC(93) Pause Full (G1 Evacuation Pause) 509M->488M(512M) 174.663ms
[2019-05-24T10:53:48.199+0300][280.772s][info ][gc] GC(94) Concurrent Cycle 175.059ms
[2019-05-24T10:53:52.936+0300][285.509s][info ][gc] GC(95) To-space exhausted
[2019-05-24T10:53:52.936+0300][285.509s][info ][gc] GC(95) Pause Young (Normal) (G1 Evacuation Pause) 510M->510M(512M) 6.032ms
[2019-05-24T10:53:53.110+0300][285.683s][info ][gc] GC(96) Pause Full (G1 Evacuation Pause) 510M->491M(512M) 173.824ms
[2019-05-24T10:53:56.869+0300][289.441s][info ][gc] GC(97) To-space exhausted
[2019-05-24T10:53:56.869+0300][289.442s][info ][gc] GC(97) Pause Young (Concurrent Start) (G1 Evacuation Pause) 509M->509M(512M) 5.304ms
[2019-05-24T10:53:56.869+0300][289.442s][info ][gc] GC(99) Concurrent Cycle
[2019-05-24T10:53:56.870+0300][289.442s][debug][gc] GC(98) Clear Next Bitmap 0.403ms
[2019-05-24T10:53:57.039+0300][289.611s][info ][gc] GC(98) Pause Full (G1 Evacuation Pause) 509M->494M(512M) 169.408ms
[2019-05-24T10:53:57.039+0300][289.611s][info ][gc] GC(99) Concurrent Cycle 169.527ms
[2019-05-24T10:54:00.244+0300][292.817s][info ][gc] GC(100) To-space exhausted
[2019-05-24T10:54:00.244+0300][292.817s][info ][gc] GC(100) Pause Young (Normal) (G1 Evacuation Pause) 509M->509M(512M) 4.671ms
[2019-05-24T10:54:00.413+0300][292.985s][info ][gc] GC(101) Pause Full (G1 Evacuation Pause) 509M->497M(512M) 168.494ms
[2019-05-24T10:54:03.189+0300][295.762s][info ][gc] GC(102) To-space exhausted
[2019-05-24T10:54:03.189+0300][295.762s][info ][gc] GC(102) Pause Young (Concurrent Start) (G1 Evacuation Pause) 510M->510M(512M) 4.925ms
[2019-05-24T10:54:03.189+0300][295.762s][info ][gc] GC(104) Concurrent Cycle
[2019-05-24T10:54:03.190+0300][295.763s][debug][gc] GC(103) Clear Next Bitmap 0.413ms
[2019-05-24T10:54:03.359+0300][295.932s][info ][gc] GC(103) Pause Full (G1 Evacuation Pause) 510M->499M(512M) 169.391ms
[2019-05-24T10:54:03.359+0300][295.932s][info ][gc] GC(104) Concurrent Cycle 169.551ms
[2019-05-24T10:54:05.247+0300][297.820s][info ][gc] GC(105) To-space exhausted
[2019-05-24T10:54:05.247+0300][297.820s][info ][gc] GC(105) Pause Young (Normal) (G1 Evacuation Pause) 508M->508M(512M) 3.667ms
[2019-05-24T10:54:05.410+0300][297.983s][info ][gc] GC(106) Pause Full (G1 Evacuation Pause) 508M->500M(512M) 162.991ms
[2019-05-24T10:54:07.250+0300][299.823s][info ][gc] GC(107) To-space exhausted
[2019-05-24T10:54:07.250+0300][299.823s][info ][gc] GC(107) Pause Young (Concurrent Start) (G1 Evacuation Pause) 508M->508M(512M) 3.479ms
[2019-05-24T10:54:07.250+0300][299.823s][info ][gc] GC(109) Concurrent Cycle
[2019-05-24T10:54:07.251+0300][299.824s][debug][gc] GC(108) Clear Next Bitmap 0.555ms
[2019-05-24T10:54:07.418+0300][299.991s][info ][gc] GC(108) Pause Full (G1 Evacuation Pause) 508M->502M(512M) 167.930ms
[2019-05-24T10:54:07.418+0300][299.991s][info ][gc] GC(109) Concurrent Cycle 168.075ms
[2019-05-24T10:54:09.236+0300][301.809s][info ][gc] GC(110) To-space exhausted
[2019-05-24T10:54:09.236+0300][301.809s][info ][gc] GC(110) Pause Young (Normal) (G1 Evacuation Pause) 510M->510M(512M) 3.773ms
[2019-05-24T10:54:09.405+0300][301.977s][info ][gc] GC(111) Pause Full (G1 Evacuation Pause) 510M->503M(512M) 168.014ms
[2019-05-24T10:54:10.851+0300][303.424s][info ][gc] GC(112) To-space exhausted
[2019-05-24T10:54:10.851+0300][303.424s][info ][gc] GC(112) Pause Young (Concurrent Start) (G1 Evacuation Pause) 510M->510M(512M) 3.310ms
[2019-05-24T10:54:10.851+0300][303.424s][info ][gc] GC(114) Concurrent Cycle
[2019-05-24T10:54:10.851+0300][303.424s][debug][gc] GC(113) Clear Next Bitmap 0.412ms
[2019-05-24T10:54:11.018+0300][303.591s][info ][gc] GC(113) Pause Full (G1 Evacuation Pause) 510M->504M(512M) 167.312ms
[2019-05-24T10:54:11.018+0300][303.591s][info ][gc] GC(114) Concurrent Cycle 167.634ms
[2019-05-24T10:54:12.071+0300][304.643s][info ][gc] GC(115) To-space exhausted
[2019-05-24T10:54:12.071+0300][304.643s][info ][gc] GC(115) Pause Young (Normal) (G1 Evacuation Pause) 509M->509M(512M) 2.779ms
[2019-05-24T10:54:12.242+0300][304.814s][info ][gc] GC(116) Pause Full (G1 Evacuation Pause) 509M->505M(512M) 170.442ms
[2019-05-24T10:54:13.142+0300][305.714s][info ][gc] GC(117) To-space exhausted
[2019-05-24T10:54:13.142+0300][305.714s][info ][gc] GC(117) Pause Young (Concurrent Start) (G1 Evacuation Pause) 509M->509M(512M) 2.670ms
[2019-05-24T10:54:13.142+0300][305.714s][info ][gc] GC(119) Concurrent Cycle
[2019-05-24T10:54:13.143+0300][305.715s][debug][gc] GC(118) Clear Next Bitmap 0.419ms
[2019-05-24T10:54:13.309+0300][305.881s][info ][gc] GC(118) Pause Full (G1 Evacuation Pause) 509M->506M(512M) 166.092ms
[2019-05-24T10:54:13.309+0300][305.881s][info ][gc] GC(119) Concurrent Cycle 166.495ms
[2019-05-24T10:54:14.122+0300][306.694s][info ][gc] GC(120) To-space exhausted
[2019-05-24T10:54:14.122+0300][306.694s][info ][gc] GC(120) Pause Young (Normal) (G1 Evacuation Pause) 510M->510M(512M) 2.425ms
[2019-05-24T10:54:14.292+0300][306.864s][info ][gc] GC(121) Pause Full (G1 Evacuation Pause) 510M->506M(512M) 169.773ms
[2019-05-24T10:54:15.216+0300][307.788s][info ][gc] GC(122) To-space exhausted
[2019-05-24T10:54:15.216+0300][307.788s][info ][gc] GC(122) Pause Young (Concurrent Start) (G1 Evacuation Pause) 510M->510M(512M) 2.677ms
[2019-05-24T10:54:15.216+0300][307.788s][info ][gc] GC(124) Concurrent Cycle
[2019-05-24T10:54:15.217+0300][307.789s][debug][gc] GC(123) Clear Next Bitmap 0.418ms
[2019-05-24T10:54:15.386+0300][307.958s][info ][gc] GC(123) Pause Full (G1 Evacuation Pause) 510M->507M(512M) 169.784ms
[2019-05-24T10:54:15.386+0300][307.958s][info ][gc] GC(124) Concurrent Cycle 170.045ms
[2019-05-24T10:54:15.657+0300][308.229s][info ][gc] GC(125) To-space exhausted
[2019-05-24T10:54:15.657+0300][308.229s][info ][gc] GC(125) Pause Young (Normal) (G1 Evacuation Pause) 509M->509M(512M) 2.816ms
[2019-05-24T10:54:15.823+0300][308.395s][info ][gc] GC(126) Pause Full (G1 Evacuation Pause) 509M->507M(512M) 165.845ms
[2019-05-24T10:54:16.487+0300][309.060s][info ][gc] GC(127) To-space exhausted
[2019-05-24T10:54:16.488+0300][309.060s][info ][gc] GC(127) Pause Young (Concurrent Start) (G1 Evacuation Pause) 510M->510M(512M) 2.561ms
[2019-05-24T10:54:16.488+0300][309.060s][info ][gc] GC(129) Concurrent Cycle
[2019-05-24T10:54:16.488+0300][309.060s][debug][gc] GC(128) Clear Next Bitmap 0.396ms
[2019-05-24T10:54:16.655+0300][309.227s][info ][gc] GC(128) Pause Full (G1 Evacuation Pause) 510M->508M(512M) 167.413ms
[2019-05-24T10:54:16.655+0300][309.228s][info ][gc] GC(129) Concurrent Cycle 167.633ms
[2019-05-24T10:54:16.925+0300][309.497s][info ][gc] GC(130) To-space exhausted
[2019-05-24T10:54:16.925+0300][309.497s][info ][gc] GC(130) Pause Young (Normal) (G1 Evacuation Pause) 509M->509M(512M) 2.035ms
[2019-05-24T10:54:17.085+0300][309.658s][info ][gc] GC(131) Pause Full (G1 Evacuation Pause) 509M->508M(512M) 160.438ms
[2019-05-24T10:54:17.494+0300][310.066s][info ][gc] GC(132) To-space exhausted
[2019-05-24T10:54:17.494+0300][310.066s][info ][gc] GC(132) Pause Young (Concurrent Start) (G1 Evacuation Pause) 510M->510M(512M) 2.343ms
[2019-05-24T10:54:17.494+0300][310.066s][info ][gc] GC(134) Concurrent Cycle
[2019-05-24T10:54:17.494+0300][310.067s][debug][gc] GC(133) Clear Next Bitmap 0.403ms
[2019-05-24T10:54:17.663+0300][310.236s][info ][gc] GC(133) Pause Full (G1 Evacuation Pause) 510M->508M(512M) 169.408ms
[2019-05-24T10:54:17.663+0300][310.236s][info ][gc] GC(134) Concurrent Cycle 169.736ms
[2019-05-24T10:54:17.795+0300][310.368s][info ][gc] GC(135) To-space exhausted
[2019-05-24T10:54:17.795+0300][310.368s][info ][gc] GC(135) Pause Young (Normal) (G1 Evacuation Pause) 509M->509M(512M) 2.066ms
[2019-05-24T10:54:17.961+0300][310.534s][info ][gc] GC(136) Pause Full (G1 Evacuation Pause) 509M->508M(512M) 165.741ms
[2019-05-24T10:54:18.145+0300][310.717s][info ][gc] GC(137) To-space exhausted
[2019-05-24T10:54:18.145+0300][310.717s][info ][gc] GC(137) Pause Young (Concurrent Start) (G1 Evacuation Pause) 509M->509M(512M) 2.162ms
[2019-05-24T10:54:18.145+0300][310.717s][info ][gc] GC(139) Concurrent Cycle
[2019-05-24T10:54:18.145+0300][310.718s][debug][gc] GC(138) Clear Next Bitmap 0.383ms
[2019-05-24T10:54:18.304+0300][310.876s][info ][gc] GC(138) Pause Full (G1 Evacuation Pause) 509M->508M(512M) 159.128ms
[2019-05-24T10:54:18.304+0300][310.877s][info ][gc] GC(139) Concurrent Cycle 159.454ms
[2019-05-24T10:54:18.533+0300][311.105s][info ][gc] GC(140) To-space exhausted
[2019-05-24T10:54:18.533+0300][311.105s][info ][gc] GC(140) Pause Young (Normal) (G1 Evacuation Pause) 509M->509M(512M) 2.155ms
[2019-05-24T10:54:18.685+0300][311.258s][info ][gc] GC(141) Pause Full (G1 Evacuation Pause) 509M->509M(512M) 152.542ms
[2019-05-24T10:54:18.951+0300][311.523s][info ][gc] GC(142) To-space exhausted
[2019-05-24T10:54:18.951+0300][311.523s][info ][gc] GC(142) Pause Young (Concurrent Start) (G1 Evacuation Pause) 510M->510M(512M) 2.143ms
[2019-05-24T10:54:18.951+0300][311.523s][info ][gc] GC(144) Concurrent Cycle
[2019-05-24T10:54:18.952+0300][311.524s][debug][gc] GC(143) Clear Next Bitmap 0.427ms
[2019-05-24T10:54:19.105+0300][311.678s][info ][gc] GC(143) Pause Full (G1 Evacuation Pause) 510M->509M(512M) 154.172ms
[2019-05-24T10:54:19.105+0300][311.678s][info ][gc] GC(144) Concurrent Cycle 154.346ms
[2019-05-24T10:54:19.246+0300][311.819s][info ][gc] GC(145) To-space exhausted
[2019-05-24T10:54:19.246+0300][311.819s][info ][gc] GC(145) Pause Young (Normal) (G1 Evacuation Pause) 510M->510M(512M) 2.084ms
[2019-05-24T10:54:19.405+0300][311.977s][info ][gc] GC(146) Pause Full (G1 Evacuation Pause) 510M->509M(512M) 158.032ms
[2019-05-24T10:54:19.813+0300][312.385s][info ][gc] GC(147) To-space exhausted
[2019-05-24T10:54:19.813+0300][312.385s][info ][gc] GC(147) Pause Young (Concurrent Start) (G1 Evacuation Pause) 511M->511M(512M) 2.710ms
[2019-05-24T10:54:19.813+0300][312.385s][info ][gc] GC(149) Concurrent Cycle
[2019-05-24T10:54:19.813+0300][312.386s][debug][gc] GC(148) Clear Next Bitmap 0.409ms
[2019-05-24T10:54:19.976+0300][312.548s][info ][gc] GC(148) Pause Full (G1 Evacuation Pause) 511M->509M(512M) 163.025ms
[2019-05-24T10:54:19.976+0300][312.548s][info ][gc] GC(149) Concurrent Cycle 163.312ms
[2019-05-24T10:54:20.143+0300][312.715s][info ][gc] GC(150) To-space exhausted
[2019-05-24T10:54:20.143+0300][312.715s][info ][gc] GC(150) Pause Young (Normal) (G1 Evacuation Pause) 510M->510M(512M) 2.029ms
[2019-05-24T10:54:20.304+0300][312.877s][info ][gc] GC(151) Pause Full (G1 Evacuation Pause) 510M->509M(512M) 161.171ms
[2019-05-24T10:54:20.424+0300][312.996s][info ][gc] GC(152) To-space exhausted
[2019-05-24T10:54:20.424+0300][312.996s][info ][gc] GC(152) Pause Young (Concurrent Start) (G1 Evacuation Pause) 510M->510M(512M) 2.576ms
[2019-05-24T10:54:20.424+0300][312.996s][info ][gc] GC(154) Concurrent Cycle
[2019-05-24T10:54:20.424+0300][312.997s][debug][gc] GC(153) Clear Next Bitmap 0.414ms
[2019-05-24T10:54:20.577+0300][313.149s][info ][gc] GC(153) Pause Full (G1 Evacuation Pause) 510M->509M(512M) 152.954ms
[2019-05-24T10:54:20.577+0300][313.149s][info ][gc] GC(154) Concurrent Cycle 153.321ms
[2019-05-24T10:54:20.844+0300][313.416s][info ][gc] GC(155) To-space exhausted
[2019-05-24T10:54:20.844+0300][313.416s][info ][gc] GC(155) Pause Young (Normal) (G1 Evacuation Pause) 510M->510M(512M) 1.995ms
[2019-05-24T10:54:21.001+0300][313.574s][info ][gc] GC(156) Pause Full (G1 Evacuation Pause) 510M->510M(512M) 157.434ms
[2019-05-24T10:54:21.139+0300][313.711s][info ][gc] GC(157) To-space exhausted
[2019-05-24T10:54:21.139+0300][313.711s][info ][gc] GC(157) Pause Young (Concurrent Start) (G1 Evacuation Pause) 511M->511M(512M) 2.611ms
[2019-05-24T10:54:21.139+0300][313.711s][info ][gc] GC(159) Concurrent Cycle
[2019-05-24T10:54:21.140+0300][313.712s][debug][gc] GC(158) Clear Next Bitmap 0.439ms
[2019-05-24T10:54:21.303+0300][313.875s][info ][gc] GC(158) Pause Full (G1 Evacuation Pause) 511M->510M(512M) 163.547ms
[2019-05-24T10:54:21.303+0300][313.875s][info ][gc] GC(159) Concurrent Cycle 163.868ms
[2019-05-24T10:54:21.354+0300][313.926s][info ][gc] GC(160) To-space exhausted
[2019-05-24T10:54:21.354+0300][313.926s][info ][gc] GC(160) Pause Young (Normal) (G1 Evacuation Pause) 511M->511M(512M) 2.046ms
[2019-05-24T10:54:21.513+0300][314.085s][info ][gc] GC(161) Pause Full (G1 Evacuation Pause) 511M->510M(512M) 158.499ms
[2019-05-24T10:54:21.759+0300][314.331s][info ][gc] GC(162) To-space exhausted
[2019-05-24T10:54:21.759+0300][314.331s][info ][gc] GC(162) Pause Young (Concurrent Start) (G1 Evacuation Pause) 511M->511M(512M) 2.504ms
[2019-05-24T10:54:21.759+0300][314.331s][info ][gc] GC(164) Concurrent Cycle
[2019-05-24T10:54:21.759+0300][314.332s][debug][gc] GC(163) Clear Next Bitmap 0.409ms
[2019-05-24T10:54:21.918+0300][314.491s][info ][gc] GC(163) Pause Full (G1 Evacuation Pause) 511M->510M(512M) 159.429ms
[2019-05-24T10:54:21.918+0300][314.491s][info ][gc] GC(164) Concurrent Cycle 159.552ms
[2019-05-24T10:54:22.054+0300][314.627s][info ][gc] GC(165) To-space exhausted
[2019-05-24T10:54:22.054+0300][314.627s][info ][gc] GC(165) Pause Young (Normal) (G1 Evacuation Pause) 511M->511M(512M) 1.937ms
[2019-05-24T10:54:22.218+0300][314.791s][info ][gc] GC(166) Pause Full (G1 Evacuation Pause) 511M->510M(512M) 163.571ms
[2019-05-24T10:54:22.355+0300][314.928s][info ][gc] GC(167) To-space exhausted
[2019-05-24T10:54:22.355+0300][314.928s][info ][gc] GC(167) Pause Young (Concurrent Start) (G1 Evacuation Pause) 511M->511M(512M) 2.436ms
[2019-05-24T10:54:22.355+0300][314.928s][info ][gc] GC(169) Concurrent Cycle
[2019-05-24T10:54:22.356+0300][314.929s][debug][gc] GC(168) Clear Next Bitmap 0.392ms
[2019-05-24T10:54:22.511+0300][315.084s][info ][gc] GC(168) Pause Full (G1 Evacuation Pause) 511M->510M(512M) 155.509ms
[2019-05-24T10:54:22.511+0300][315.084s][info ][gc] GC(169) Concurrent Cycle 155.887ms
[2019-05-24T10:54:22.691+0300][315.263s][info ][gc] GC(170) To-space exhausted
[2019-05-24T10:54:22.691+0300][315.263s][info ][gc] GC(170) Pause Young (Normal) (G1 Evacuation Pause) 511M->511M(512M) 2.506ms
[2019-05-24T10:54:22.852+0300][315.425s][info ][gc] GC(171) Pause Full (G1 Evacuation Pause) 511M->510M(512M) 161.618ms
[2019-05-24T10:54:22.987+0300][315.560s][info ][gc] GC(172) To-space exhausted
[2019-05-24T10:54:22.987+0300][315.560s][info ][gc] GC(172) Pause Young (Concurrent Start) (G1 Evacuation Pause) 511M->511M(512M) 2.176ms
[2019-05-24T10:54:22.987+0300][315.560s][info ][gc] GC(174) Concurrent Cycle
[2019-05-24T10:54:22.988+0300][315.561s][debug][gc] GC(173) Clear Next Bitmap 0.401ms
[2019-05-24T10:54:23.149+0300][315.721s][info ][gc] GC(173) Pause Full (G1 Evacuation Pause) 511M->510M(512M) 161.113ms
[2019-05-24T10:54:23.149+0300][315.722s][info ][gc] GC(174) Concurrent Cycle 161.553ms
[2019-05-24T10:54:23.349+0300][315.921s][info ][gc] GC(175) To-space exhausted
[2019-05-24T10:54:23.349+0300][315.921s][info ][gc] GC(175) Pause Young (Normal) (G1 Evacuation Pause) 511M->511M(512M) 2.173ms
[2019-05-24T10:54:23.509+0300][316.082s][info ][gc] GC(176) Pause Full (G1 Evacuation Pause) 511M->510M(512M) 160.480ms
[2019-05-24T10:54:23.590+0300][316.163s][info ][gc] GC(177) To-space exhausted
[2019-05-24T10:54:23.590+0300][316.163s][info ][gc] GC(177) Pause Young (Concurrent Start) (G1 Evacuation Pause) 511M->511M(512M) 2.445ms
[2019-05-24T10:54:23.590+0300][316.163s][info ][gc] GC(179) Concurrent Cycle
[2019-05-24T10:54:23.591+0300][316.163s][debug][gc] GC(178) Clear Next Bitmap 0.399ms
[2019-05-24T10:54:23.744+0300][316.317s][info ][gc] GC(178) Pause Full (G1 Evacuation Pause) 511M->510M(512M) 153.586ms
[2019-05-24T10:54:23.744+0300][316.317s][info ][gc] GC(179) Concurrent Cycle 153.746ms
[2019-05-24T10:54:24.012+0300][316.584s][info ][gc] GC(180) To-space exhausted
[2019-05-24T10:54:24.012+0300][316.584s][info ][gc] GC(180) Pause Young (Normal) (G1 Evacuation Pause) 511M->511M(512M) 2.129ms
[2019-05-24T10:54:24.172+0300][316.745s][info ][gc] GC(181) Pause Full (G1 Evacuation Pause) 511M->511M(512M) 160.031ms
[2019-05-24T10:54:24.315+0300][316.888s][info ][gc] GC(182) Pause Full (G1 Evacuation Pause) 511M->511M(512M) 142.887ms
[2019-05-24T10:54:24.315+0300][316.888s][info ][gc] GC(183) Pause Young (Concurrent Start) (G1 Evacuation Pause) 511M->511M(512M) 0.287ms
[2019-05-24T10:54:24.315+0300][316.888s][info ][gc] GC(185) Concurrent Cycle
[2019-05-24T10:54:24.316+0300][316.888s][debug][gc] GC(184) Clear Next Bitmap 0.260ms
[2019-05-24T10:54:24.451+0300][317.024s][info ][gc] GC(184) Pause Full (G1 Evacuation Pause) 511M->511M(512M) 135.965ms
[2019-05-24T10:54:24.596+0300][317.168s][info ][gc] GC(186) Pause Full (G1 Evacuation Pause) 511M->511M(512M) 144.095ms
[2019-05-24T10:54:24.596+0300][317.168s][info ][gc] GC(185) Concurrent Cycle 280.358ms
[2019-05-24T10:54:24.596+0300][317.169s][info ][gc] GC(187) Pause Young (Normal) (G1 Evacuation Pause) 511M->511M(512M) 0.253ms
[2019-05-24T10:54:24.735+0300][317.308s][info ][gc] GC(188) Pause Full (G1 Evacuation Pause) 511M->511M(512M) 138.890ms
[2019-05-24T10:54:24.871+0300][317.444s][info ][gc] GC(189) Pause Full (G1 Evacuation Pause) 511M->511M(512M) 135.604ms
[2019-05-24T10:54:24.872+0300][317.444s][info ][gc] GC(190) Pause Young (Concurrent Start) (G1 Evacuation Pause) 511M->511M(512M) 0.328ms
[2019-05-24T10:54:24.872+0300][317.444s][info ][gc] GC(192) Concurrent Cycle
[2019-05-24T10:54:24.872+0300][317.445s][debug][gc] GC(191) Clear Next Bitmap 0.351ms
[2019-05-24T10:54:25.017+0300][317.590s][info ][gc] GC(191) Pause Full (G1 Evacuation Pause) 511M->511M(512M) 145.515ms
[2019-05-24T10:54:25.154+0300][317.727s][info ][gc] GC(193) Pause Full (G1 Evacuation Pause) 511M->511M(512M) 137.125ms
[2019-05-24T10:54:25.155+0300][317.727s][info ][gc] GC(192) Concurrent Cycle 282.929ms
[2019-05-24T10:54:25.155+0300][317.727s][info ][gc] GC(194) Pause Young (Normal) (G1 Evacuation Pause) 511M->511M(512M) 0.168ms
[2019-05-24T10:54:25.297+0300][317.870s][info ][gc] GC(195) Pause Full (G1 Evacuation Pause) 511M->511M(512M) 142.258ms
[2019-05-24T10:54:25.438+0300][318.011s][info ][gc] GC(196) Pause Full (G1 Evacuation Pause) 511M->511M(512M) 141.011ms
[2019-05-24T10:54:26.498+0300][319.071s][info ][gc] GC(197) Pause Young (Concurrent Start) (G1 Evacuation Pause) 511M->511M(512M) 2.273ms
[2019-05-24T10:54:26.499+0300][319.071s][info ][gc] GC(199) Concurrent Cycle
[2019-05-24T10:54:26.499+0300][319.072s][debug][gc] GC(198) Clear Next Bitmap 0.494ms
[2019-05-24T10:54:26.647+0300][319.220s][info ][gc] GC(198) Pause Full (G1 Evacuation Pause) 511M->511M(512M) 148.226ms
[2019-05-24T10:54:26.789+0300][319.362s][info ][gc] GC(200) Pause Full (G1 Evacuation Pause) 511M->511M(512M) 142.132ms
[2019-05-24T10:54:26.789+0300][319.362s][info ][gc] GC(199) Concurrent Cycle 290.692ms
[2019-05-24T10:54:26.790+0300][319.362s][info ][gc] GC(201) Pause Young (Normal) (G1 Evacuation Pause) 511M->511M(512M) 0.224ms
[2019-05-24T10:54:26.797+0300][319.369s][info ][gc] GC(202) Pause Full (G1 Evacuation Pause) 511M->2M(512M) 7.052ms
