[2019-05-24T11:05:03.022+0300][0.008s][info][gc] Using Parallel
[2019-05-24T11:05:03.815+0300][0.801s][info][gc] GC(0) Pause Young (Allocation Failure) 128M->22M(491M) 15.680ms
[2019-05-24T11:05:05.434+0300][2.421s][info][gc] GC(1) Pause Young (Allocation Failure) 151M->47M(491M) 15.799ms
[2019-05-24T11:05:08.183+0300][5.169s][info][gc] GC(2) Pause Young (Allocation Failure) 175M->93M(491M) 24.116ms
[2019-05-24T11:05:12.131+0300][9.118s][info][gc] GC(3) Pause Young (Allocation Failure) 222M->140M(491M) 24.769ms
[2019-05-24T11:05:17.025+0300][14.011s][info][gc] GC(4) Pause Young (Allocation Failure) 268M->185M(488M) 22.212ms
[2019-05-24T11:05:22.727+0300][19.713s][info][gc] GC(5) Pause Young (Allocation Failure) 311M->229M(420M) 21.213ms
[2019-05-24T11:05:25.839+0300][22.825s][info][gc] GC(6) Pause Young (Allocation Failure) 287M->250M(455M) 12.017ms
[2019-05-24T11:05:29.154+0300][26.140s][info][gc] GC(7) Pause Young (Allocation Failure) 307M->270M(455M) 18.113ms
[2019-05-24T11:05:32.709+0300][29.696s][info][gc] GC(8) Pause Young (Allocation Failure) 328M->291M(455M) 21.959ms
[2019-05-24T11:05:36.496+0300][33.482s][info][gc] GC(9) Pause Young (Allocation Failure) 348M->312M(455M) 33.627ms
[2019-05-24T11:05:40.307+0300][37.293s][info][gc] GC(10) Pause Young (Allocation Failure) 370M->335M(455M) 25.157ms
[2019-05-24T11:05:40.421+0300][37.407s][info][gc] GC(11) Pause Full (Ergonomics) 335M->186M(455M) 114.090ms
[2019-05-24T11:05:44.639+0300][41.625s][info][gc] GC(12) Pause Young (Allocation Failure) 243M->206M(455M) 9.170ms
[2019-05-24T11:05:49.051+0300][46.038s][info][gc] GC(13) Pause Young (Allocation Failure) 264M->227M(455M) 15.913ms
[2019-05-24T11:05:53.705+0300][50.690s][info][gc] GC(14) Pause Young (Allocation Failure) 285M->248M(455M) 17.502ms
[2019-05-24T11:05:58.547+0300][55.533s][info][gc] GC(15) Pause Young (Allocation Failure) 306M->269M(455M) 16.071ms
[2019-05-24T11:06:03.675+0300][60.661s][info][gc] GC(16) Pause Young (Allocation Failure) 326M->289M(455M) 16.356ms
[2019-05-24T11:06:09.046+0300][66.032s][info][gc] GC(17) Pause Young (Allocation Failure) 347M->310M(455M) 17.822ms
[2019-05-24T11:06:09.158+0300][66.143s][info][gc] GC(18) Pause Full (Ergonomics) 310M->247M(455M) 111.642ms
[2019-05-24T11:06:14.734+0300][71.719s][info][gc] GC(19) Pause Young (Allocation Failure) 304M->267M(455M) 9.510ms
[2019-05-24T11:06:20.614+0300][77.600s][info][gc] GC(20) Pause Young (Allocation Failure) 325M->288M(455M) 16.059ms
[2019-05-24T11:06:26.167+0300][83.152s][info][gc] GC(21) Pause Young (Allocation Failure) 345M->312M(455M) 13.714ms
[2019-05-24T11:06:32.400+0300][89.385s][info][gc] GC(22) Pause Young (Allocation Failure) 369M->332M(455M) 12.834ms
[2019-05-24T11:06:32.509+0300][89.495s][info][gc] GC(23) Pause Full (Ergonomics) 332M->288M(455M) 109.575ms
[2019-05-24T11:06:39.113+0300][96.099s][info][gc] GC(24) Pause Young (Allocation Failure) 345M->308M(455M) 9.388ms
[2019-05-24T11:06:45.940+0300][102.926s][info][gc] GC(25) Pause Young (Allocation Failure) 366M->329M(455M) 16.324ms
[2019-05-24T11:06:46.046+0300][103.031s][info][gc] GC(26) Pause Full (Ergonomics) 329M->308M(455M) 105.293ms
[2019-05-24T11:06:53.127+0300][110.113s][info][gc] GC(27) Pause Full (Ergonomics) 365M->318M(455M) 111.896ms
[2019-05-24T11:07:00.496+0300][117.482s][info][gc] GC(28) Pause Full (Ergonomics) 376M->328M(455M) 105.996ms
[2019-05-24T11:07:08.138+0300][125.123s][info][gc] GC(29) Pause Full (Ergonomics) 386M->338M(455M) 109.077ms
[2019-05-24T11:07:16.028+0300][133.013s][info][gc] GC(30) Pause Full (Ergonomics) 396M->348M(455M) 114.475ms
[2019-05-24T11:07:23.197+0300][140.182s][info][gc] GC(31) Pause Full (Ergonomics) 398M->357M(455M) 117.339ms
[2019-05-24T11:07:29.266+0300][146.251s][info][gc] GC(32) Pause Full (Ergonomics) 398M->364M(455M) 115.696ms
[2019-05-24T11:07:34.285+0300][151.270s][info][gc] GC(33) Pause Full (Ergonomics) 398M->370M(455M) 126.626ms
[2019-05-24T11:07:38.643+0300][155.627s][info][gc] GC(34) Pause Full (Ergonomics) 398M->375M(455M) 137.215ms
[2019-05-24T11:07:42.344+0300][159.328s][info][gc] GC(35) Pause Full (Ergonomics) 398M->379M(455M) 127.937ms
[2019-05-24T11:07:45.548+0300][162.533s][info][gc] GC(36) Pause Full (Ergonomics) 398M->382M(455M) 113.952ms
[2019-05-24T11:07:48.296+0300][165.281s][info][gc] GC(37) Pause Full (Ergonomics) 398M->385M(455M) 135.417ms
[2019-05-24T11:07:50.538+0300][167.523s][info][gc] GC(38) Pause Full (Ergonomics) 398M->387M(455M) 121.604ms
[2019-05-24T11:07:52.342+0300][169.328s][info][gc] GC(39) Pause Full (Ergonomics) 398M->389M(455M) 114.181ms
[2019-05-24T11:07:53.958+0300][170.943s][info][gc] GC(40) Pause Full (Ergonomics) 398M->391M(455M) 111.993ms
[2019-05-24T11:07:55.250+0300][172.234s][info][gc] GC(41) Pause Full (Ergonomics) 398M->392M(455M) 121.549ms
[2019-05-24T11:07:56.369+0300][173.354s][info][gc] GC(42) Pause Full (Ergonomics) 398M->393M(455M) 124.433ms
[2019-05-24T11:07:57.329+0300][174.314s][info][gc] GC(43) Pause Full (Ergonomics) 398M->394M(455M) 143.188ms
[2019-05-24T11:07:58.103+0300][175.088s][info][gc] GC(44) Pause Full (Ergonomics) 398M->395M(455M) 144.417ms
[2019-05-24T11:07:58.823+0300][175.808s][info][gc] GC(45) Pause Full (Ergonomics) 398M->395M(455M) 160.895ms
[2019-05-24T11:07:59.446+0300][176.430s][info][gc] GC(46) Pause Full (Ergonomics) 398M->396M(455M) 167.890ms
[2019-05-24T11:07:59.995+0300][176.980s][info][gc] GC(47) Pause Full (Ergonomics) 398M->396M(455M) 186.729ms
[2019-05-24T11:08:00.556+0300][177.541s][info][gc] GC(48) Pause Full (Ergonomics) 398M->397M(455M) 187.941ms
[2019-05-24T11:08:01.005+0300][177.990s][info][gc] GC(49) Pause Full (Ergonomics) 398M->397M(455M) 175.897ms
[2019-05-24T11:08:01.372+0300][178.356s][info][gc] GC(50) Pause Full (Ergonomics) 398M->397M(455M) 180.633ms
[2019-05-24T11:08:01.732+0300][178.717s][info][gc] GC(51) Pause Full (Ergonomics) 398M->397M(455M) 176.579ms
[2019-05-24T11:08:02.075+0300][179.059s][info][gc] GC(52) Pause Full (Ergonomics) 398M->397M(455M) 161.294ms
[2019-05-24T11:08:02.343+0300][179.327s][info][gc] GC(53) Pause Full (Ergonomics) 398M->398M(455M) 173.568ms
[2019-05-24T11:08:02.594+0300][179.578s][info][gc] GC(54) Pause Full (Ergonomics) 398M->398M(455M) 157.974ms
[2019-05-24T11:08:02.839+0300][179.824s][info][gc] GC(55) Pause Full (Ergonomics) 398M->398M(455M) 153.331ms
[2019-05-24T11:08:03.083+0300][180.068s][info][gc] GC(56) Pause Full (Ergonomics) 398M->398M(455M) 153.137ms
[2019-05-24T11:08:03.342+0300][180.326s][info][gc] GC(57) Pause Full (Ergonomics) 398M->398M(455M) 160.981ms
[2019-05-24T11:08:03.439+0300][180.424s][info][gc] GC(58) Pause Full (Ergonomics) 398M->398M(455M) 97.729ms
[2019-05-24T11:08:03.536+0300][180.521s][info][gc] GC(59) Pause Full (Ergonomics) 398M->398M(455M) 96.355ms
[2019-05-24T11:08:03.617+0300][180.602s][info][gc] GC(60) Pause Full (Ergonomics) 398M->398M(455M) 80.528ms
[2019-05-24T11:08:03.698+0300][180.683s][info][gc] GC(61) Pause Full (Ergonomics) 398M->398M(455M) 81.328ms
[2019-05-24T11:08:03.779+0300][180.764s][info][gc] GC(62) Pause Full (Ergonomics) 398M->398M(455M) 80.995ms
[2019-05-24T11:08:03.861+0300][180.845s][info][gc] GC(63) Pause Full (Ergonomics) 398M->398M(455M) 80.846ms
[2019-05-24T11:08:04.011+0300][180.995s][info][gc] GC(64) Pause Full (Ergonomics) 398M->398M(455M) 148.996ms
[2019-05-24T11:08:04.158+0300][181.143s][info][gc] GC(65) Pause Full (Ergonomics) 398M->398M(455M) 146.082ms
[2019-05-24T11:08:04.302+0300][181.287s][info][gc] GC(66) Pause Full (Ergonomics) 398M->398M(455M) 143.381ms
[2019-05-24T11:08:04.450+0300][181.435s][info][gc] GC(67) Pause Full (Ergonomics) 398M->398M(455M) 146.468ms
[2019-05-24T11:08:04.597+0300][181.582s][info][gc] GC(68) Pause Full (Ergonomics) 398M->398M(455M) 145.862ms
[2019-05-24T11:08:04.766+0300][181.751s][info][gc] GC(69) Pause Full (Ergonomics) 398M->398M(455M) 167.037ms
[2019-05-24T11:08:04.847+0300][181.832s][info][gc] GC(70) Pause Full (Ergonomics) 398M->398M(455M) 81.306ms
[2019-05-24T11:08:05.015+0300][181.999s][info][gc] GC(71) Pause Full (Ergonomics) 398M->398M(455M) 165.947ms
[2019-05-24T11:08:05.177+0300][182.162s][info][gc] GC(72) Pause Full (Ergonomics) 398M->398M(455M) 160.839ms
[2019-05-24T11:08:05.341+0300][182.326s][info][gc] GC(73) Pause Full (Ergonomics) 398M->398M(455M) 162.002ms
[2019-05-24T11:08:05.507+0300][182.492s][info][gc] GC(74) Pause Full (Ergonomics) 398M->398M(455M) 165.584ms
[2019-05-24T11:08:05.652+0300][182.637s][info][gc] GC(75) Pause Full (Ergonomics) 398M->398M(455M) 143.673ms
[2019-05-24T11:08:05.797+0300][182.782s][info][gc] GC(76) Pause Full (Ergonomics) 398M->398M(455M) 143.576ms
[2019-05-24T11:08:05.942+0300][182.927s][info][gc] GC(77) Pause Full (Ergonomics) 398M->398M(455M) 143.406ms
[2019-05-24T11:08:06.105+0300][183.090s][info][gc] GC(78) Pause Full (Ergonomics) 398M->398M(455M) 160.961ms
[2019-05-24T11:08:07.001+0300][183.986s][info][gc] GC(79) Pause Full (Ergonomics) 398M->398M(455M) 142.557ms
[2019-05-24T11:08:07.151+0300][184.136s][info][gc] GC(80) Pause Full (Ergonomics) 398M->398M(455M) 148.822ms
[2019-05-24T11:08:07.301+0300][184.286s][info][gc] GC(81) Pause Full (Ergonomics) 398M->398M(455M) 148.190ms
[2019-05-24T11:08:07.467+0300][184.452s][info][gc] GC(82) Pause Full (Ergonomics) 398M->398M(455M) 166.353ms
[2019-05-24T11:08:07.613+0300][184.598s][info][gc] GC(83) Pause Full (Ergonomics) 398M->398M(455M) 143.397ms
[2019-05-24T11:08:07.770+0300][184.755s][info][gc] GC(84) Pause Full (Ergonomics) 398M->398M(455M) 155.320ms
[2019-05-24T11:08:07.933+0300][184.918s][info][gc] GC(85) Pause Full (Ergonomics) 398M->398M(455M) 161.720ms
[2019-05-24T11:08:08.092+0300][185.077s][info][gc] GC(86) Pause Full (Ergonomics) 398M->398M(455M) 158.367ms
[2019-05-24T11:08:08.261+0300][185.246s][info][gc] GC(87) Pause Full (Ergonomics) 398M->398M(455M) 167.055ms
[2019-05-24T11:08:08.423+0300][185.408s][info][gc] GC(88) Pause Full (Ergonomics) 398M->398M(455M) 161.173ms
[2019-05-24T11:08:08.584+0300][185.570s][info][gc] GC(89) Pause Full (Ergonomics) 398M->398M(455M) 160.784ms
[2019-05-24T11:08:08.746+0300][185.731s][info][gc] GC(90) Pause Full (Ergonomics) 398M->398M(455M) 159.959ms
[2019-05-24T11:08:08.906+0300][185.892s][info][gc] GC(91) Pause Full (Ergonomics) 398M->398M(455M) 159.839ms
[2019-05-24T11:08:09.071+0300][186.056s][info][gc] GC(92) Pause Full (Ergonomics) 398M->398M(455M) 163.538ms
[2019-05-24T11:08:09.242+0300][186.227s][info][gc] GC(93) Pause Full (Ergonomics) 398M->398M(455M) 169.491ms
[2019-05-24T11:08:09.404+0300][186.389s][info][gc] GC(94) Pause Full (Ergonomics) 398M->398M(455M) 159.876ms
[2019-05-24T11:08:09.569+0300][186.554s][info][gc] GC(95) Pause Full (Ergonomics) 398M->398M(455M) 164.318ms
[2019-05-24T11:08:09.731+0300][186.716s][info][gc] GC(96) Pause Full (Ergonomics) 398M->398M(455M) 160.447ms
[2019-05-24T11:08:09.900+0300][186.885s][info][gc] GC(97) Pause Full (Ergonomics) 398M->398M(455M) 167.480ms
[2019-05-24T11:08:09.983+0300][186.968s][info][gc] GC(98) Pause Full (Ergonomics) 398M->398M(455M) 82.145ms
[2019-05-24T11:08:10.145+0300][187.130s][info][gc] GC(99) Pause Full (Ergonomics) 398M->398M(455M) 160.112ms
[2019-05-24T11:08:10.319+0300][187.304s][info][gc] GC(100) Pause Full (Ergonomics) 398M->398M(455M) 171.997ms
[2019-05-24T11:08:10.483+0300][187.468s][info][gc] GC(101) Pause Full (Ergonomics) 398M->398M(455M) 163.062ms
[2019-05-24T11:08:10.634+0300][187.619s][info][gc] GC(102) Pause Full (Ergonomics) 398M->398M(455M) 150.044ms
[2019-05-24T11:08:10.813+0300][187.797s][info][gc] GC(103) Pause Full (Ergonomics) 398M->398M(455M) 176.940ms
[2019-05-24T11:08:10.894+0300][187.879s][info][gc] GC(104) Pause Full (Ergonomics) 398M->398M(455M) 81.595ms
[2019-05-24T11:08:11.074+0300][188.059s][info][gc] GC(105) Pause Full (Ergonomics) 398M->398M(455M) 178.760ms
[2019-05-24T11:08:11.237+0300][188.221s][info][gc] GC(106) Pause Full (Ergonomics) 398M->398M(455M) 161.511ms
[2019-05-24T11:08:11.398+0300][188.383s][info][gc] GC(107) Pause Full (Ergonomics) 398M->398M(455M) 159.846ms
[2019-05-24T11:08:11.562+0300][188.547s][info][gc] GC(108) Pause Full (Ergonomics) 398M->398M(455M) 162.764ms
[2019-05-24T11:08:11.722+0300][188.706s][info][gc] GC(109) Pause Full (Ergonomics) 398M->398M(455M) 158.490ms
[2019-05-24T11:08:11.882+0300][188.866s][info][gc] GC(110) Pause Full (Ergonomics) 398M->398M(455M) 158.339ms
[2019-05-24T11:08:12.044+0300][189.028s][info][gc] GC(111) Pause Full (Ergonomics) 398M->398M(455M) 160.366ms
[2019-05-24T11:08:12.205+0300][189.189s][info][gc] GC(112) Pause Full (Ergonomics) 398M->398M(455M) 159.031ms
[2019-05-24T11:08:12.372+0300][189.356s][info][gc] GC(113) Pause Full (Ergonomics) 398M->398M(455M) 166.064ms
[2019-05-24T11:08:12.531+0300][189.515s][info][gc] GC(114) Pause Full (Ergonomics) 398M->398M(455M) 158.581ms
[2019-05-24T11:08:12.692+0300][189.676s][info][gc] GC(115) Pause Full (Ergonomics) 398M->398M(455M) 159.019ms
[2019-05-24T11:08:12.851+0300][189.836s][info][gc] GC(116) Pause Full (Ergonomics) 398M->398M(455M) 158.763ms
[2019-05-24T11:08:12.997+0300][189.981s][info][gc] GC(117) Pause Full (Ergonomics) 398M->398M(455M) 143.989ms
[2019-05-24T11:08:13.148+0300][190.132s][info][gc] GC(118) Pause Full (Ergonomics) 398M->398M(455M) 149.980ms
[2019-05-24T11:08:13.292+0300][190.276s][info][gc] GC(119) Pause Full (Ergonomics) 398M->398M(455M) 143.530ms
[2019-05-24T11:08:13.374+0300][190.358s][info][gc] GC(120) Pause Full (Ergonomics) 398M->398M(455M) 81.317ms
[2019-05-24T11:08:13.523+0300][190.507s][info][gc] GC(121) Pause Full (Ergonomics) 398M->398M(455M) 148.408ms
[2019-05-24T11:08:13.668+0300][190.652s][info][gc] GC(122) Pause Full (Ergonomics) 398M->398M(455M) 143.921ms
[2019-05-24T11:08:13.814+0300][190.798s][info][gc] GC(123) Pause Full (Ergonomics) 398M->398M(455M) 144.997ms
[2019-05-24T11:08:13.957+0300][190.942s][info][gc] GC(124) Pause Full (Ergonomics) 398M->398M(455M) 142.801ms
[2019-05-24T11:08:14.108+0300][191.093s][info][gc] GC(125) Pause Full (Ergonomics) 398M->398M(455M) 149.693ms
[2019-05-24T11:08:14.259+0300][191.244s][info][gc] GC(126) Pause Full (Ergonomics) 398M->398M(455M) 149.843ms
[2019-05-24T11:08:14.412+0300][191.396s][info][gc] GC(127) Pause Full (Ergonomics) 398M->398M(455M) 152.236ms
[2019-05-24T11:08:14.555+0300][191.540s][info][gc] GC(128) Pause Full (Ergonomics) 398M->398M(455M) 142.664ms
[2019-05-24T11:08:14.707+0300][191.691s][info][gc] GC(129) Pause Full (Ergonomics) 398M->398M(455M) 150.044ms
[2019-05-24T11:08:14.852+0300][191.836s][info][gc] GC(130) Pause Full (Ergonomics) 398M->398M(455M) 143.948ms
[2019-05-24T11:08:14.996+0300][191.981s][info][gc] GC(131) Pause Full (Ergonomics) 398M->398M(455M) 143.716ms
[2019-05-24T11:08:15.141+0300][192.126s][info][gc] GC(132) Pause Full (Ergonomics) 398M->398M(455M) 143.537ms
[2019-05-24T11:08:15.288+0300][192.272s][info][gc] GC(133) Pause Full (Ergonomics) 398M->398M(455M) 145.052ms
[2019-05-24T11:08:15.435+0300][192.419s][info][gc] GC(134) Pause Full (Ergonomics) 398M->398M(455M) 146.005ms
[2019-05-24T11:08:15.580+0300][192.565s][info][gc] GC(135) Pause Full (Ergonomics) 398M->398M(455M) 144.753ms
[2019-05-24T11:08:15.726+0300][192.710s][info][gc] GC(136) Pause Full (Ergonomics) 398M->398M(455M) 144.014ms
[2019-05-24T11:08:15.873+0300][192.858s][info][gc] GC(137) Pause Full (Ergonomics) 398M->398M(455M) 146.686ms
[2019-05-24T11:08:15.960+0300][192.945s][info][gc] GC(138) Pause Full (Ergonomics) 398M->398M(455M) 86.555ms
[2019-05-24T11:08:16.105+0300][193.089s][info][gc] GC(139) Pause Full (Ergonomics) 398M->398M(455M) 143.001ms
[2019-05-24T11:08:16.250+0300][193.235s][info][gc] GC(140) Pause Full (Ergonomics) 398M->398M(455M) 144.458ms
[2019-05-24T11:08:16.402+0300][193.386s][info][gc] GC(141) Pause Full (Ergonomics) 398M->398M(455M) 149.986ms
[2019-05-24T11:08:16.550+0300][193.535s][info][gc] GC(142) Pause Full (Ergonomics) 398M->398M(455M) 147.756ms
[2019-05-24T11:08:16.709+0300][193.693s][info][gc] GC(143) Pause Full (Ergonomics) 398M->398M(455M) 157.226ms
[2019-05-24T11:08:16.858+0300][193.842s][info][gc] GC(144) Pause Full (Ergonomics) 398M->398M(455M) 148.055ms
[2019-05-24T11:08:17.020+0300][194.004s][info][gc] GC(145) Pause Full (Ergonomics) 398M->398M(455M) 161.532ms
[2019-05-24T11:08:17.185+0300][194.170s][info][gc] GC(146) Pause Full (Ergonomics) 398M->398M(455M) 164.811ms
[2019-05-24T11:08:17.344+0300][194.329s][info][gc] GC(147) Pause Full (Ergonomics) 398M->398M(455M) 150.819ms
[2019-05-24T11:08:17.501+0300][194.485s][info][gc] GC(148) Pause Full (Ergonomics) 398M->398M(455M) 150.199ms
[2019-05-24T11:08:17.661+0300][194.645s][info][gc] GC(149) Pause Full (Ergonomics) 398M->398M(455M) 154.130ms
[2019-05-24T11:08:17.812+0300][194.796s][info][gc] GC(150) Pause Full (Ergonomics) 398M->398M(455M) 149.115ms
[2019-05-24T11:08:17.962+0300][194.947s][info][gc] GC(151) Pause Full (Ergonomics) 398M->398M(455M) 144.039ms
[2019-05-24T11:08:18.123+0300][195.107s][info][gc] GC(152) Pause Full (Ergonomics) 398M->398M(455M) 154.279ms
[2019-05-24T11:08:18.270+0300][195.255s][info][gc] GC(153) Pause Full (Ergonomics) 398M->398M(455M) 144.556ms
[2019-05-24T11:08:18.431+0300][195.415s][info][gc] GC(154) Pause Full (Ergonomics) 398M->398M(455M) 153.503ms
[2019-05-24T11:08:18.588+0300][195.572s][info][gc] GC(155) Pause Full (Ergonomics) 398M->398M(455M) 152.214ms
[2019-05-24T11:08:18.799+0300][195.783s][info][gc] GC(156) Pause Full (Ergonomics) 398M->398M(455M) 155.312ms
[2019-05-24T11:08:18.885+0300][195.870s][info][gc] GC(157) Pause Full (Ergonomics) 398M->398M(455M) 86.396ms
[2019-05-24T11:08:19.031+0300][196.016s][info][gc] GC(158) Pause Full (Ergonomics) 398M->398M(455M) 143.861ms
[2019-05-24T11:08:19.280+0300][196.264s][info][gc] GC(159) Pause Full (Ergonomics) 398M->398M(455M) 152.839ms
[2019-05-24T11:08:19.367+0300][196.352s][info][gc] GC(160) Pause Full (Ergonomics) 398M->398M(455M) 87.095ms
[2019-05-24T11:08:19.463+0300][196.447s][info][gc] GC(161) Pause Full (Ergonomics) 398M->398M(455M) 95.513ms
[2019-05-24T11:08:19.617+0300][196.601s][info][gc] GC(162) Pause Full (Ergonomics) 398M->398M(455M) 151.963ms
[2019-05-24T11:08:19.811+0300][196.796s][info][gc] GC(163) Pause Full (Ergonomics) 398M->398M(455M) 152.751ms
[2019-05-24T11:08:20.004+0300][196.989s][info][gc] GC(164) Pause Full (Ergonomics) 398M->398M(455M) 151.803ms
[2019-05-24T11:08:20.167+0300][197.151s][info][gc] GC(165) Pause Full (Ergonomics) 398M->398M(455M) 145.736ms
[2019-05-24T11:08:20.250+0300][197.234s][info][gc] GC(166) Pause Full (Ergonomics) 398M->398M(455M) 82.780ms
[2019-05-24T11:08:20.336+0300][197.320s][info][gc] GC(167) Pause Full (Ergonomics) 398M->398M(455M) 85.931ms
[2019-05-24T11:08:20.417+0300][197.402s][info][gc] GC(168) Pause Full (Ergonomics) 398M->398M(455M) 81.189ms
[2019-05-24T11:08:20.519+0300][197.503s][info][gc] GC(169) Pause Full (Ergonomics) 398M->398M(455M) 101.376ms
[2019-05-24T11:08:20.606+0300][197.591s][info][gc] GC(170) Pause Full (Ergonomics) 398M->398M(455M) 87.457ms
[2019-05-24T11:08:20.693+0300][197.677s][info][gc] GC(171) Pause Full (Ergonomics) 398M->398M(455M) 86.446ms
[2019-05-24T11:08:20.780+0300][197.765s][info][gc] GC(172) Pause Full (Ergonomics) 398M->398M(455M) 86.904ms
[2019-05-24T11:08:20.861+0300][197.846s][info][gc] GC(173) Pause Full (Ergonomics) 398M->398M(455M) 81.192ms
[2019-05-24T11:08:20.966+0300][197.950s][info][gc] GC(174) Pause Full (Ergonomics) 398M->398M(455M) 104.381ms
[2019-05-24T11:08:21.054+0300][198.039s][info][gc] GC(175) Pause Full (Ergonomics) 398M->398M(455M) 87.937ms
[2019-05-24T11:08:21.135+0300][198.119s][info][gc] GC(176) Pause Full (Ergonomics) 398M->398M(455M) 80.634ms
[2019-05-24T11:08:21.159+0300][198.143s][debug][gc] GC(177) Shrinking ParOldGen from 349696K by 157184K to 192512K
[2019-05-24T11:08:21.159+0300][198.143s][info ][gc] GC(177) Pause Full (Ergonomics) 398M->2M(302M) 23.760ms
