[2019-05-24T10:57:29.270+0300][0.008s][info][gc] Using Serial
[2019-05-24T10:57:30.008+0300][0.745s][info][gc] GC(0) Pause Young (Allocation Failure) 136M->23M(494M) 22.825ms
[2019-05-24T10:57:31.955+0300][2.692s][info][gc] GC(1) Pause Young (Allocation Failure) 160M->53M(494M) 44.210ms
[2019-05-24T10:57:35.070+0300][5.808s][info][gc] GC(2) Pause Young (Allocation Failure) 190M->87M(494M) 42.999ms
[2019-05-24T10:57:39.117+0300][9.855s][info][gc] GC(3) Pause Young (Allocation Failure) 224M->132M(494M) 50.821ms
[2019-05-24T10:57:44.675+0300][15.413s][info][gc] GC(4) Pause Young (Allocation Failure) 269M->180M(494M) 54.104ms
[2019-05-24T10:57:51.404+0300][22.142s][info][gc] GC(5) Pause Young (Allocation Failure) 316M->229M(494M) 55.095ms
[2019-05-24T10:57:59.507+0300][30.244s][info][gc] GC(6) Pause Young (Allocation Failure) 366M->277M(494M) 56.650ms
[2019-05-24T10:58:08.692+0300][39.430s][info][gc] GC(7) Pause Young (Allocation Failure) 414M->327M(494M) 54.918ms
[2019-05-24T10:58:19.524+0300][50.261s][info][gc] GC(9) Pause Full (Allocation Failure) 464M->222M(494M) 203.327ms
[2019-05-24T10:58:19.524+0300][50.261s][info][gc] GC(8) Pause Young (Allocation Failure) 464M->222M(494M) 203.420ms
[2019-05-24T10:58:31.491+0300][62.229s][info][gc] GC(10) Pause Young (Allocation Failure) 358M->270M(494M) 34.541ms
[2019-05-24T10:58:44.818+0300][75.555s][info][gc] GC(11) Pause Young (Allocation Failure) 406M->318M(494M) 43.429ms
[2019-05-24T10:58:59.117+0300][89.853s][info][gc] GC(13) Pause Full (Allocation Failure) 455M->295M(494M) 244.054ms
[2019-05-24T10:58:59.117+0300][89.853s][info][gc] GC(12) Pause Young (Allocation Failure) 455M->295M(494M) 244.142ms
[2019-05-24T10:59:15.401+0300][106.137s][info][gc] GC(15) Pause Full (Allocation Failure) 431M->319M(494M) 259.513ms
[2019-05-24T10:59:15.401+0300][106.138s][info][gc] GC(14) Pause Young (Allocation Failure) 431M->319M(494M) 259.595ms
[2019-05-24T10:59:33.171+0300][123.907s][info][gc] GC(17) Pause Full (Allocation Failure) 455M->336M(494M) 281.389ms
[2019-05-24T10:59:33.171+0300][123.907s][info][gc] GC(16) Pause Young (Allocation Failure) 455M->336M(494M) 281.473ms
[2019-05-24T10:59:52.535+0300][143.271s][info][gc] GC(19) Pause Full (Allocation Failure) 473M->376M(494M) 278.557ms
[2019-05-24T10:59:52.535+0300][143.271s][info][gc] GC(18) Pause Young (Allocation Failure) 473M->376M(494M) 278.642ms
[2019-05-24T11:00:10.358+0300][161.094s][info][gc] GC(20) Pause Full (Allocation Failure) 494M->397M(494M) 306.004ms
[2019-05-24T11:00:26.967+0300][177.702s][info][gc] GC(21) Pause Full (Allocation Failure) 494M->414M(494M) 310.697ms
[2019-05-24T11:00:39.859+0300][190.595s][info][gc] GC(22) Pause Full (Allocation Failure) 494M->413M(494M) 317.081ms
[2019-05-24T11:00:54.303+0300][205.038s][info][gc] GC(23) Pause Full (Allocation Failure) 494M->441M(494M) 238.424ms
[2019-05-24T11:01:04.186+0300][214.922s][info][gc] GC(24) Pause Full (Allocation Failure) 494M->453M(494M) 315.510ms
[2019-05-24T11:01:12.109+0300][222.843s][info][gc] GC(25) Pause Full (Allocation Failure) 494M->460M(494M) 321.391ms
[2019-05-24T11:01:18.969+0300][229.704s][info][gc] GC(26) Pause Full (Allocation Failure) 494M->450M(494M) 336.807ms
[2019-05-24T11:01:28.013+0300][238.748s][info][gc] GC(27) Pause Full (Allocation Failure) 494M->465M(494M) 237.162ms
[2019-05-24T11:01:34.087+0300][244.822s][info][gc] GC(28) Pause Full (Allocation Failure) 494M->475M(494M) 234.069ms
[2019-05-24T11:01:38.174+0300][248.909s][info][gc] GC(29) Pause Full (Allocation Failure) 494M->482M(494M) 233.724ms
[2019-05-24T11:01:41.067+0300][251.802s][info][gc] GC(30) Pause Full (Allocation Failure) 494M->468M(494M) 345.730ms
[2019-05-24T11:01:46.788+0300][257.523s][info][gc] GC(31) Pause Full (Allocation Failure) 494M->479M(494M) 239.073ms
[2019-05-24T11:01:50.430+0300][261.165s][info][gc] GC(32) Pause Full (Allocation Failure) 494M->484M(494M) 237.353ms
[2019-05-24T11:01:52.886+0300][263.621s][info][gc] GC(33) Pause Full (Allocation Failure) 494M->488M(494M) 236.046ms
[2019-05-24T11:01:54.609+0300][265.344s][info][gc] GC(34) Pause Full (Allocation Failure) 494M->478M(494M) 351.564ms
[2019-05-24T11:01:58.434+0300][269.169s][info][gc] GC(35) Pause Full (Allocation Failure) 494M->484M(494M) 241.581ms
[2019-05-24T11:02:00.922+0300][271.657s][info][gc] GC(36) Pause Full (Allocation Failure) 494M->488M(494M) 238.320ms
[2019-05-24T11:02:02.791+0300][273.527s][info][gc] GC(37) Pause Full (Allocation Failure) 494M->490M(494M) 238.328ms
[2019-05-24T11:02:04.133+0300][274.867s][info][gc] GC(38) Pause Full (Allocation Failure) 494M->485M(494M) 333.423ms
[2019-05-24T11:02:06.426+0300][277.160s][info][gc] GC(39) Pause Full (Allocation Failure) 494M->488M(494M) 243.039ms
[2019-05-24T11:02:08.009+0300][278.744s][info][gc] GC(40) Pause Full (Allocation Failure) 494M->490M(494M) 241.965ms
[2019-05-24T11:02:09.108+0300][279.842s][info][gc] GC(41) Pause Full (Allocation Failure) 494M->492M(494M) 239.967ms
[2019-05-24T11:02:10.059+0300][280.794s][info][gc] GC(42) Pause Full (Allocation Failure) 494M->489M(494M) 336.364ms
[2019-05-24T11:02:11.569+0300][282.304s][info][gc] GC(43) Pause Full (Allocation Failure) 494M->491M(494M) 241.839ms
[2019-05-24T11:02:12.575+0300][283.310s][info][gc] GC(44) Pause Full (Allocation Failure) 494M->492M(494M) 242.236ms
[2019-05-24T11:02:13.455+0300][284.190s][info][gc] GC(45) Pause Full (Allocation Failure) 494M->493M(494M) 241.135ms
[2019-05-24T11:02:14.043+0300][284.778s][info][gc] GC(46) Pause Full (Allocation Failure) 494M->491M(494M) 327.911ms
[2019-05-24T11:02:15.021+0300][285.756s][info][gc] GC(47) Pause Full (Allocation Failure) 494M->492M(494M) 241.403ms
[2019-05-24T11:02:15.759+0300][286.494s][info][gc] GC(48) Pause Full (Allocation Failure) 494M->493M(494M) 243.693ms
[2019-05-24T11:02:16.248+0300][286.983s][info][gc] GC(49) Pause Full (Allocation Failure) 494M->493M(494M) 242.270ms
[2019-05-24T11:02:16.830+0300][287.565s][info][gc] GC(50) Pause Full (Allocation Failure) 494M->492M(494M) 329.891ms
[2019-05-24T11:02:17.441+0300][288.176s][info][gc] GC(51) Pause Full (Allocation Failure) 494M->493M(494M) 242.589ms
[2019-05-24T11:02:18.055+0300][288.790s][info][gc] GC(52) Pause Full (Allocation Failure) 494M->494M(494M) 241.604ms
[2019-05-24T11:02:18.423+0300][289.158s][info][gc] GC(53) Pause Full (Allocation Failure) 494M->494M(494M) 246.979ms
[2019-05-24T11:02:18.874+0300][289.609s][info][gc] GC(54) Pause Full (Allocation Failure) 494M->493M(494M) 324.320ms
[2019-05-24T11:02:19.369+0300][290.104s][info][gc] GC(55) Pause Full (Allocation Failure) 494M->494M(494M) 242.839ms
[2019-05-24T11:02:19.741+0300][290.476s][info][gc] GC(56) Pause Full (Allocation Failure) 494M->494M(494M) 242.267ms
[2019-05-24T11:02:20.108+0300][290.843s][info][gc] GC(57) Pause Full (Allocation Failure) 494M->494M(494M) 242.778ms
[2019-05-24T11:02:20.558+0300][291.293s][info][gc] GC(58) Pause Full (Allocation Failure) 494M->494M(494M) 323.076ms
[2019-05-24T11:02:20.929+0300][291.665s][info][gc] GC(59) Pause Full (Allocation Failure) 494M->494M(494M) 242.330ms
[2019-05-24T11:02:21.298+0300][292.032s][info][gc] GC(60) Pause Full (Allocation Failure) 494M->494M(494M) 244.204ms
[2019-05-24T11:02:21.667+0300][292.401s][info][gc] GC(61) Pause Full (Allocation Failure) 494M->494M(494M) 243.730ms
[2019-05-24T11:02:21.987+0300][292.721s][info][gc] GC(62) Pause Full (Allocation Failure) 494M->494M(494M) 319.502ms
[2019-05-24T11:02:22.363+0300][293.097s][info][gc] GC(63) Pause Full (Allocation Failure) 494M->494M(494M) 245.992ms
[2019-05-24T11:02:22.608+0300][293.342s][info][gc] GC(64) Pause Full (Allocation Failure) 494M->494M(494M) 243.913ms
[2019-05-24T11:02:22.849+0300][293.583s][info][gc] GC(65) Pause Full (Allocation Failure) 494M->494M(494M) 240.907ms
[2019-05-24T11:02:23.295+0300][294.030s][info][gc] GC(66) Pause Full (Allocation Failure) 494M->494M(494M) 321.749ms
[2019-05-24T11:02:23.541+0300][294.275s][info][gc] GC(67) Pause Full (Allocation Failure) 494M->494M(494M) 244.532ms
[2019-05-24T11:02:23.786+0300][294.521s][info][gc] GC(68) Pause Full (Allocation Failure) 494M->494M(494M) 245.656ms
[2019-05-24T11:02:24.164+0300][294.898s][info][gc] GC(69) Pause Full (Allocation Failure) 494M->494M(494M) 243.280ms
[2019-05-24T11:02:24.483+0300][295.218s][info][gc] GC(70) Pause Full (Allocation Failure) 494M->494M(494M) 319.111ms
[2019-05-24T11:02:24.726+0300][295.461s][info][gc] GC(71) Pause Full (Allocation Failure) 494M->494M(494M) 242.506ms
[2019-05-24T11:02:24.967+0300][295.702s][info][gc] GC(72) Pause Full (Allocation Failure) 494M->494M(494M) 240.670ms
[2019-05-24T11:02:25.208+0300][295.943s][info][gc] GC(73) Pause Full (Allocation Failure) 494M->494M(494M) 240.820ms
[2019-05-24T11:02:25.451+0300][296.186s][info][gc] GC(74) Pause Full (Allocation Failure) 494M->494M(494M) 242.530ms
[2019-05-24T11:02:25.693+0300][296.427s][info][gc] GC(75) Pause Full (Allocation Failure) 494M->494M(494M) 241.364ms
[2019-05-24T11:02:26.061+0300][296.796s][info][gc] GC(76) Pause Full (Allocation Failure) 494M->494M(494M) 242.541ms
[2019-05-24T11:02:26.303+0300][297.037s][info][gc] GC(77) Pause Full (Allocation Failure) 494M->494M(494M) 241.224ms
[2019-05-24T11:02:26.620+0300][297.354s][info][gc] GC(78) Pause Full (Allocation Failure) 494M->494M(494M) 316.662ms
[2019-05-24T11:02:26.861+0300][297.595s][info][gc] GC(79) Pause Full (Allocation Failure) 494M->494M(494M) 241.070ms
[2019-05-24T11:02:27.103+0300][297.837s][info][gc] GC(80) Pause Full (Allocation Failure) 494M->494M(494M) 241.414ms
[2019-05-24T11:02:27.345+0300][298.080s][info][gc] GC(81) Pause Full (Allocation Failure) 494M->494M(494M) 242.311ms
[2019-05-24T11:02:27.586+0300][298.321s][info][gc] GC(82) Pause Full (Allocation Failure) 494M->494M(494M) 240.829ms
[2019-05-24T11:02:27.828+0300][298.563s][info][gc] GC(83) Pause Full (Allocation Failure) 494M->494M(494M) 241.801ms
[2019-05-24T11:02:28.069+0300][298.804s][info][gc] GC(84) Pause Full (Allocation Failure) 494M->494M(494M) 240.677ms
[2019-05-24T11:02:28.311+0300][299.046s][info][gc] GC(85) Pause Full (Allocation Failure) 494M->494M(494M) 241.595ms
[2019-05-24T11:02:28.553+0300][299.288s][info][gc] GC(86) Pause Full (Allocation Failure) 494M->494M(494M) 241.640ms
[2019-05-24T11:02:28.795+0300][299.529s][info][gc] GC(87) Pause Full (Allocation Failure) 494M->494M(494M) 241.251ms
[2019-05-24T11:02:29.036+0300][299.770s][info][gc] GC(88) Pause Full (Allocation Failure) 494M->494M(494M) 240.822ms
[2019-05-24T11:02:29.280+0300][300.014s][info][gc] GC(89) Pause Full (Allocation Failure) 494M->494M(494M) 244.176ms
[2019-05-24T11:02:29.521+0300][300.256s][info][gc] GC(90) Pause Full (Allocation Failure) 494M->494M(494M) 241.083ms
[2019-05-24T11:02:29.762+0300][300.496s][info][gc] GC(91) Pause Full (Allocation Failure) 494M->494M(494M) 240.469ms
[2019-05-24T11:02:30.081+0300][300.815s][info][gc] GC(92) Pause Full (Allocation Failure) 494M->494M(494M) 318.829ms
[2019-05-24T11:02:30.324+0300][301.059s][info][gc] GC(93) Pause Full (Allocation Failure) 494M->494M(494M) 242.899ms
[2019-05-24T11:02:30.566+0300][301.300s][info][gc] GC(94) Pause Full (Allocation Failure) 494M->494M(494M) 241.486ms
[2019-05-24T11:02:30.807+0300][301.542s][info][gc] GC(95) Pause Full (Allocation Failure) 494M->494M(494M) 241.280ms
[2019-05-24T11:02:31.049+0300][301.783s][info][gc] GC(96) Pause Full (Allocation Failure) 494M->494M(494M) 241.482ms
[2019-05-24T11:02:31.291+0300][302.025s][info][gc] GC(97) Pause Full (Allocation Failure) 494M->494M(494M) 241.496ms
[2019-05-24T11:02:31.599+0300][302.333s][info][gc] GC(98) Pause Full (Allocation Failure) 494M->494M(494M) 307.672ms
[2019-05-24T11:02:31.841+0300][302.575s][info][gc] GC(99) Pause Full (Allocation Failure) 494M->494M(494M) 241.994ms
[2019-05-24T11:02:32.082+0300][302.817s][info][gc] GC(100) Pause Full (Allocation Failure) 494M->494M(494M) 241.192ms
[2019-05-24T11:02:32.325+0300][303.059s][info][gc] GC(101) Pause Full (Allocation Failure) 494M->494M(494M) 242.183ms
[2019-05-24T11:02:32.566+0300][303.301s][info][gc] GC(102) Pause Full (Allocation Failure) 494M->494M(494M) 241.239ms
[2019-05-24T11:02:32.807+0300][303.542s][info][gc] GC(103) Pause Full (Allocation Failure) 494M->494M(494M) 240.766ms
[2019-05-24T11:02:33.049+0300][303.784s][info][gc] GC(104) Pause Full (Allocation Failure) 494M->494M(494M) 241.361ms
[2019-05-24T11:02:34.245+0300][304.980s][info][gc] GC(105) Pause Full (Allocation Failure) 494M->494M(494M) 246.552ms
[2019-05-24T11:02:34.581+0300][305.316s][info][gc] GC(106) Pause Full (Allocation Failure) 494M->494M(494M) 335.610ms
[2019-05-24T11:02:34.659+0300][305.393s][info][gc] GC(107) Pause Full (Allocation Failure) 494M->2M(494M) 77.088ms
